// Jest Snapshot v1, https://goo.gl/fbAQLP

exports[`About component matches snapshot DOM node structure 1`] = `
<DocumentFragment>
  <header
    class="flex-row px-2"
  >
    <div>
      <h1
        class="header"
      >
        Alma Braun
      </h1>
    </div>
    <div
      class="nav"
    >
      <nav>
        <ul
          class="flex-row"
        >
          <li
            class="mx-2"
          >
            <span>
              About Me
            </span>
          </li>
          <li
            class="mx-2"
          >
            <span>
              Portfolio
            </span>
          </li>
          <li
            class="mx-2"
          >
            <span>
              Contact
            </span>
          </li>
          <li
            class="mx-2"
          >
            <span>
              Resume
            </span>
          </li>
        </ul>
      </nav>
    </div>
  </header>
</DocumentFragment>
`;
