// Jest Snapshot v1, https://goo.gl/fbAQLP

exports[`About component matches snapshot DOM node structure 1`] = `
<DocumentFragment>
  <section
    class="my-5"
  >
    <h1
      id="about"
    >
      About me
    </h1>
    <img
      alt="cover"
      class="my-2"
      src="z1.jpg"
      style="width: 250px;"
    />
    <div
      class="my-2"
    >
      <h1>
        FULL STACK WEB DEVELOPER
      </h1>
      <p>
        I'm higly motivated and creative with passion for great user experience. I have completed Full Stack Web Development from UC Berkeley Bootcamp.
      </p>
      <p>
        My mission is to ensure the best relationship with clients, both during and after their goals have been met.
      </p>
      <p>
        I consistently work on development process to provide an informative, user-friendly and effective strategy to provide companies with the message or goal they are hoping to accomplish. This development process is tailored to meet the needs of small, medium and large size businesses and enterprises.
      </p>
    </div>
  </section>
</DocumentFragment>
`;
