// Jest Snapshot v1, https://goo.gl/fbAQLP

exports[`Nav component matches snapshot DOM node structure 1`] = `
<DocumentFragment>
  <nav>
    <ul
      class="flex-row"
    >
      <li
        class="mx-2"
      >
        <span>
          About Me
        </span>
      </li>
      <li
        class="mx-2"
      >
        <span>
          Portfolio
        </span>
      </li>
      <li
        class="mx-2"
      >
        <span>
          Contact
        </span>
      </li>
      <li
        class="mx-2"
      >
        <span>
          Resume
        </span>
      </li>
    </ul>
  </nav>
</DocumentFragment>
`;
